
--- Testing Business Transcript ---
Top Jobs: ['investment_banker', 'marketing_manager', 'accountant', 'human_resources_specialist', 'financial_analyst', 'operations_manager']
SUCCESS: Detected Business domain (Accountant found)

--- Testing Healthcare Transcript ---
Top Jobs: ['nutritionist_dietitian', 'medical_technologist', 'registered_nurse', 'physical_therapist', 'pharmacist', 'radiologic_technologist']
SUCCESS: Detected Healthcare domain (Nurse found)

--- Testing Fallback/IT Transcript ---
Top Jobs: ['ar_vr_developer', 'security_engineer', 'public_relations_specialist', 'entrepreneur', 'blockchain_engineer', 'qa_engineer']
